<?xml version="1.0" encoding="utf-8"?><testsuites><testsuite name="pytest" errors="0" failures="0" skipped="0" tests="2" time="0.133" timestamp="2025-02-12T19:03:10.298689" hostname="Ameys-MacBook-Air.local"><testcase classname="test_hello_world.TestHelloWorld" name="test_greeting_message" time="0.002" /><testcase classname="test_hello_world.TestHelloWorld" name="test_status_code" time="0.002" /></testsuite></testsuites>